../Drivers/CMSIS/Include/core_cm4.h:2064:26:ITM_SendChar	16	static,ignoring_inline_asm
../Core/Src/main.c:81:5:main	8	static
../Core/Src/main.c:163:6:SystemClock_Config	88	static
../Core/Src/main.c:210:13:MX_TIM1_Init	96	static
../Core/Src/main.c:289:13:MX_TIM2_Init	56	static
../Core/Src/main.c:338:13:MX_USART2_UART_Init	8	static
../Core/Src/main.c:371:13:MX_GPIO_Init	48	static
../Core/Src/main.c:400:5:_write	32	static
../Core/Src/main.c:409:6:calpid	8	static
../Core/Src/main.c:436:6:Error_Handler	4	static,ignoring_inline_asm
